// Jest Snapshot v1, https://goo.gl/fbAQLP

exports[`App App snapshot testing 1`] = `
Array [
  <div
    className="sc-kDTinF jeEOrV"
  >
    <label
      className="sc-eCImPb dpOmTe"
    >
      keyword
    </label>
    <input
      className="sc-hKwDye eKRolE"
      onChange={[Function]}
      placeholder="Example: Ne"
      value=""
    />
    <button
      className="sc-bdvvtL gnuMZn"
      onClick={[Function]}
    >
      Search
    </button>
  </div>,
  <div
    className="sc-iCfMLu fbnDEN"
    data-testid="spinner"
  >
    <svg
      className="spinner"
      viewBox="0 0 50 50"
    >
      <circle
        className="path"
        cx={25}
        cy={25}
        fill="none"
        r={20}
        strokeWidth={5}
      />
    </svg>
  </div>,
  <div
    className="sc-iqseJM EDwOO"
  />,
]
`;
